[[{"name" "servlet.request"
   "service" "smoke-test-java-app"
   "resource" "GET /connect"
   "type" "web"
   "error" 0
   "span_id" 0
   "trace_id" 0
   "parent_id" nil
   "start" 1617385000067147336
   "duration" 127240507
   "meta" {"env" "smoketest"
           "language" "jvm"
           "runtime-id" "e73fdb27-bae3-4852-bb31-ddb0a182aec6"
           "version" "99"
           "peer.port" "55726"
           "http.url" "http://localhost:55617/connect"
           "component" "java-web-servlet"
           "thread.name" "Default Executor-thread-7"
           "peer.ipv4" "127.0.0.1"
           "http.status_code" "200"
           "span.kind" "server"
           "http.method" "GET"
           "thread.id" "54"
           "servlet.path" "/connect"}
   "metrics" {"_dd.agent_psr" 1.0
              "_dd.measured" 1
              "_sampling_priority_v1" 1
              "_dd.top_level" 1}}
      {"name" "spring.handler"
       "service" "smoke-test-java-app"
       "resource" "DemoController.connect"
       "type" "web"
       "error" 0
       "span_id" 1
       "trace_id" 0
       "parent_id" 0
       "start" 1617385000069610393
       "duration" 123989308
       "meta" {"env" "smoketest"
               "language" "jvm"
               "version" "99"
               "thread.name" "Default Executor-thread-7"
               "thread.id" "54"
               "component" "spring-web-controller"
               "span.kind" "server"}
       "metrics" {"_dd.measured" 1}}
          {"name" "http.request"
           "service" "smoke-test-java-app"
           "resource" "GET /connect/?"
           "type" "http"
           "error" 0
           "span_id" 2
           "trace_id" 0
           "parent_id" 1
           "start" 1617385000162337477
           "duration" 23747395
           "meta" {"env" "smoketest"
                   "version" "99"
                   "peer.port" "55617"
                   "http.url" "http://localhost:55617/connect/38"
                   "component" "http-url-connection"
                   "thread.name" "Default Executor-thread-7"
                   "http.status_code" "200"
                   "span.kind" "client"
                   "http.method" "GET"
                   "peer.hostname" "localhost"
                   "thread.id" "54"}
           "metrics" {}}
              {"name" "servlet.request"
               "service" "smoke-test-java-app"
               "resource" "GET /connect/{user}"
               "type" "web"
               "error" 0
               "span_id" 3
               "trace_id" 0
               "parent_id" 2
               "start" 1617385000178045065
               "duration" 6245483
               "meta" {"env" "smoketest"
                       "language" "jvm"
                       "runtime-id" "e73fdb27-bae3-4852-bb31-ddb0a182aec6"
                       "version" "99"
                       "peer.port" "55727"
                       "http.url" "http://localhost:55617/connect/38"
                       "component" "java-web-servlet"
                       "thread.name" "Default Executor-thread-11"
                       "peer.ipv4" "127.0.0.1"
                       "http.status_code" "200"
                       "span.kind" "server"
                       "http.method" "GET"
                       "thread.id" "61"
                       "servlet.path" "/connect/38"}
               "metrics" {"_dd.measured" 1
                          "_sampling_priority_v1" 1
                          "_dd.top_level" 1}}
                  {"name" "spring.handler"
                   "service" "smoke-test-java-app"
                   "resource" "DemoController.connectFinal"
                   "type" "web"
                   "error" 0
                   "span_id" 4
                   "trace_id" 0
                   "parent_id" 3
                   "start" 1617385000180780194
                   "duration" 2988885
                   "meta" {"env" "smoketest"
                           "language" "jvm"
                           "version" "99"
                           "thread.name" "Default Executor-thread-11"
                           "thread.id" "61"
                           "component" "spring-web-controller"
                           "span.kind" "server"}
                   "metrics" {"_dd.measured" 1}}]]
