[[{"name" "servlet.request"
   "service" "smoke-test-java-app"
   "resource" "GET /connect/{user}"
   "type" "web"
   "error" 0
   "span_id" 0
   "trace_id" 0
   "parent_id" nil
   "start" 1618011719543971755
   "duration" 164567878
   "meta" {"env" "smoketest"
           "language" "jvm"
           "runtime-id" "fc5c927a-eb1a-4498-af46-731a5f2b0ce1"
           "version" "99"
           "http.url" "http://localhost:57690/connect/0"
           "http.hostname" "localhost"
           "http.useragent" "okhttp/x.x.x"
           "http.client_ip" "127.0.0.1"
           "component" "liberty-server"
           "thread.name" "Default Executor-thread-2"
           "peer.ipv4" "127.0.0.1"
           "http.status_code" "200"
           "span.kind" "server"
           "http.method" "GET"
           "http.route" "/connect/{user}"
           "servlet.path" "/connect/0"}
   "metrics" {"_dd.agent_psr" 1.0
              "_dd.measured" 1
              "_sampling_priority_v1" 1
              "peer.port" 57792
              "_dd.top_level" 1
              "thread.id" 44}}
      {"name" "spring.handler"
       "service" "smoke-test-java-app"
       "resource" "DemoController.connectFinal"
       "type" "web"
       "error" 0
       "span_id" 1
       "trace_id" 0
       "parent_id" 0
       "start" 1618011719625753238
       "duration" 76667015
       "meta" {"env" "smoketest"
               "language" "jvm"
               "version" "99"
               "thread.name" "Default Executor-thread-2"
               "component" "spring-web-controller"
               "span.kind" "server"}
       "metrics" {"_dd.measured" 1
                  "_sampling_priority_v1" 1
                  "thread.id" 44}}]]
