[[{"name" "servlet.request"
   "service" "smoke-test-java-app"
   "resource" "GET /connect"
   "type" "web"
   "error" 0
   "span_id" 0
   "trace_id" 0
   "parent_id" nil
   "start" 1618011721756023788
   "duration" 104893485
   "meta" {"env" "smoketest"
           "language" "jvm"
           "runtime-id" "fc5c927a-eb1a-4498-af46-731a5f2b0ce1"
           "version" "99"
           "http.url" "http://localhost:57690/connect"
           "http.hostname" "localhost"
           "http.useragent" "okhttp/x.x.x"
           "http.client_ip" "127.0.0.1"
           "component" "liberty-server"
           "thread.name" "Default Executor-thread-9"
           "peer.ipv4" "127.0.0.1"
           "http.status_code" "200"
           "span.kind" "server"
           "http.method" "GET"
           "http.route" "/connect"
           "servlet.path" "/connect"}
   "metrics" {"_dd.agent_psr" 1.0
              "_dd.measured" 1
              "_sampling_priority_v1" 1
              "peer.port" 57795
              "thread.id" 58
              "_dd.top_level" 1}}
      {"name" "spring.handler"
       "service" "smoke-test-java-app"
       "resource" "DemoController.connect"
       "type" "web"
       "error" 0
       "span_id" 1
       "trace_id" 0
       "parent_id" 0
       "start" 1618011721758250297
       "duration" 102139735
       "meta" {"env" "smoketest"
               "language" "jvm"
               "version" "99"
               "thread.name" "Default Executor-thread-9"
               "component" "spring-web-controller"
               "span.kind" "server"}
       "metrics" {"_dd.measured" 1
                  "thread.id" 58}}
          {"name" "http.request"
           "service" "smoke-test-java-app"
           "resource" "GET /connect/?"
           "type" "http"
           "error" 0
           "span_id" 2
           "trace_id" 0
           "parent_id" 1
           "start" 1618011721840377701
           "duration" 14463352
           "meta" {"env" "smoketest"
                   "version" "99"
                   "http.url" "http://localhost:57690/connect/92"
                   "component" "http-url-connection"
                   "thread.name" "Default Executor-thread-9"
                   "http.status_code" "200"
                   "span.kind" "client"
                   "http.method" "GET"
                   "peer.hostname" "localhost"}
            "metrics" {"_dd.measured" 1
                       "_sampling_priority_v1" 1
                      "peer.port" 57690
                      "thread.id" 58}}
              {"name" "servlet.request"
               "service" "smoke-test-java-app"
               "resource" "GET /connect/{user}"
               "type" "web"
               "error" 0
               "span_id" 3
               "trace_id" 0
               "parent_id" 2
               "start" 1618011721848026507
               "duration" 5692862
               "meta" {"env" "smoketest"
                       "language" "jvm"
                       "runtime-id" "fc5c927a-eb1a-4498-af46-731a5f2b0ce1"
                       "version" "99"
                       "http.url" "http://localhost:57690/connect/92"
                       "http.hostname" "localhost"
                       "http.useragent" "Java/x.x.x"
                       "http.client_ip" "127.0.0.1"
                       "component" "liberty-server"
                       "thread.name" "Default Executor-thread-4"
                       "peer.ipv4" "127.0.0.1"
                       "http.status_code" "200"
                       "span.kind" "server"
                       "http.method" "GET"
                       "http.route" "/connect/{user}"
                       "servlet.path" "/connect/92"}
               "metrics" {"_dd.measured" 1
                          "_sampling_priority_v1" 1
                          "peer.port" 57796
                          "_dd.top_level" 1
                          "thread.id" 47}}
                  {"name" "spring.handler"
                   "service" "smoke-test-java-app"
                   "resource" "DemoController.connectFinal"
                   "type" "web"
                   "error" 0
                   "span_id" 4
                   "trace_id" 0
                   "parent_id" 3
                   "start" 1618011721850018763
                   "duration" 2316853
                   "meta" {"env" "smoketest"
                           "language" "jvm"
                           "version" "99"
                           "thread.name" "Default Executor-thread-4"
                           "component" "spring-web-controller"
                           "span.kind" "server"}
                   "metrics" {"_dd.measured" 1
                              "_sampling_priority_v1" 1
                              "thread.id" 47}}]]
